// Jest Snapshot v1, https://goo.gl/fbAQLP

exports[`should render component correctly 1`] = `
<div>
  <div
    className="headerText"
  >
    Control Timer
  </div>
  <div
    className="timerFace"
  >
    <div>
      12:12:12
    </div>
  </div>
  <div
    className="ant-row-flex ant-row-flex-space-between"
    style={Object {}}
  >
    <div
      className="ant-col"
      style={Object {}}
    >
      <button
        className="ant-btn"
        disabled={false}
        onClick={[Function]}
        type="button"
      >
        <span>
          Start
        </span>
      </button>
    </div>
    <div
      className="ant-col"
      style={Object {}}
    >
      <button
        className="ant-btn"
        onClick={[Function]}
        type="button"
      >
        <span>
          Pause
        </span>
      </button>
    </div>
    <div
      className="ant-col"
      style={Object {}}
    >
      <button
        className="ant-btn"
        onClick={[Function]}
        type="button"
      >
        <span>
          Reset
        </span>
      </button>
    </div>
  </div>
</div>
`;
